Archive member included to satisfy reference by file (symbol)

C:\Users\waylo\IDEAPR~1\MICROC~1.3\Boebot2.0\STUDIO~1\STUDIO~1\ARDUIN~1\Debug\libArduinoCore.a(main.o)
                              D:/Programmas/AtmelStudio7/7.0/Packs/atmel/ATmega_DFP/1.3.300/gcc/dev/atmega2560/avr6/crtatmega2560.o (main)
C:\Users\waylo\IDEAPR~1\MICROC~1.3\Boebot2.0\STUDIO~1\STUDIO~1\ARDUIN~1\Debug\libArduinoCore.a(Tone.o)
                              Sketch.o (_Z4tonehjm)
C:\Users\waylo\IDEAPR~1\MICROC~1.3\Boebot2.0\STUDIO~1\STUDIO~1\ARDUIN~1\Debug\libArduinoCore.a(wiring.o)
                              Sketch.o (delay)
C:\Users\waylo\IDEAPR~1\MICROC~1.3\Boebot2.0\STUDIO~1\STUDIO~1\ARDUIN~1\Debug\libArduinoCore.a(wiring_analog.o)
                              Sketch.o (analogWrite)
C:\Users\waylo\IDEAPR~1\MICROC~1.3\Boebot2.0\STUDIO~1\STUDIO~1\ARDUIN~1\Debug\libArduinoCore.a(wiring_digital.o)
                              Sketch.o (pinMode)
C:\Users\waylo\IDEAPR~1\MICROC~1.3\Boebot2.0\STUDIO~1\STUDIO~1\ARDUIN~1\Debug\libArduinoCore.a(hooks.o)
                              C:\Users\waylo\IDEAPR~1\MICROC~1.3\Boebot2.0\STUDIO~1\STUDIO~1\ARDUIN~1\Debug\libArduinoCore.a(wiring.o) (yield)
d:/programmas/atmelstudio7/7.0/toolchain/avr8/avr8-gnu-toolchain/bin/../lib/gcc/avr/5.4.0/avr6\libgcc.a(_udivmodsi4.o)
                              C:\Users\waylo\IDEAPR~1\MICROC~1.3\Boebot2.0\STUDIO~1\STUDIO~1\ARDUIN~1\Debug\libArduinoCore.a(Tone.o) (__udivmodsi4)
d:/programmas/atmelstudio7/7.0/toolchain/avr8/avr8-gnu-toolchain/bin/../lib/gcc/avr/5.4.0/avr6\libgcc.a(_divmodsi4.o)
                              C:\Users\waylo\IDEAPR~1\MICROC~1.3\Boebot2.0\STUDIO~1\STUDIO~1\ARDUIN~1\Debug\libArduinoCore.a(Tone.o) (__divmodsi4)
d:/programmas/atmelstudio7/7.0/toolchain/avr8/avr8-gnu-toolchain/bin/../lib/gcc/avr/5.4.0/avr6\libgcc.a(_negsi2.o)
                              d:/programmas/atmelstudio7/7.0/toolchain/avr8/avr8-gnu-toolchain/bin/../lib/gcc/avr/5.4.0/avr6\libgcc.a(_divmodsi4.o) (__negsi2)
d:/programmas/atmelstudio7/7.0/toolchain/avr8/avr8-gnu-toolchain/bin/../lib/gcc/avr/5.4.0/avr6\libgcc.a(_exit.o)
                              D:/Programmas/AtmelStudio7/7.0/Packs/atmel/ATmega_DFP/1.3.300/gcc/dev/atmega2560/avr6/crtatmega2560.o (exit)
d:/programmas/atmelstudio7/7.0/toolchain/avr8/avr8-gnu-toolchain/bin/../lib/gcc/avr/5.4.0/avr6\libgcc.a(_tablejump2.o)
                              C:\Users\waylo\IDEAPR~1\MICROC~1.3\Boebot2.0\STUDIO~1\STUDIO~1\ARDUIN~1\Debug\libArduinoCore.a(wiring_analog.o) (__tablejump2__)
d:/programmas/atmelstudio7/7.0/toolchain/avr8/avr8-gnu-toolchain/bin/../lib/gcc/avr/5.4.0/avr6\libgcc.a(_copy_data.o)
                              C:\Users\waylo\IDEAPR~1\MICROC~1.3\Boebot2.0\STUDIO~1\STUDIO~1\ARDUIN~1\Debug\libArduinoCore.a(Tone.o) (__do_copy_data)
d:/programmas/atmelstudio7/7.0/toolchain/avr8/avr8-gnu-toolchain/bin/../lib/gcc/avr/5.4.0/avr6\libgcc.a(_clear_bss.o)
                              Sketch.o (__do_clear_bss)
d:/programmas/atmelstudio7/7.0/toolchain/avr8/avr8-gnu-toolchain/bin/../lib/gcc/avr/5.4.0/avr6\libgcc.a(_muluhisi3.o)
                              C:\Users\waylo\IDEAPR~1\MICROC~1.3\Boebot2.0\STUDIO~1\STUDIO~1\ARDUIN~1\Debug\libArduinoCore.a(Tone.o) (__muluhisi3)
d:/programmas/atmelstudio7/7.0/toolchain/avr8/avr8-gnu-toolchain/bin/../lib/gcc/avr/5.4.0/avr6\libgcc.a(_umulhisi3.o)
                              d:/programmas/atmelstudio7/7.0/toolchain/avr8/avr8-gnu-toolchain/bin/../lib/gcc/avr/5.4.0/avr6\libgcc.a(_muluhisi3.o) (__umulhisi3)

Discarded input sections

 .data          0x00000000        0x0 D:/Programmas/AtmelStudio7/7.0/Packs/atmel/ATmega_DFP/1.3.300/gcc/dev/atmega2560/avr6/crtatmega2560.o
 .bss           0x00000000        0x0 D:/Programmas/AtmelStudio7/7.0/Packs/atmel/ATmega_DFP/1.3.300/gcc/dev/atmega2560/avr6/crtatmega2560.o
 .text          0x00000000        0x0 Sketch.o
 .data          0x00000000        0x0 Sketch.o
 .bss           0x00000000        0x0 Sketch.o
 .text._Z11turn45rightv
                0x00000000        0x2 Sketch.o
 .text._Z11turn90rightv
                0x00000000        0x2 Sketch.o
 .text._Z12turn180rightv
                0x00000000        0x2 Sketch.o
 .text._Z10turn45leftv
                0x00000000        0x2 Sketch.o
 .text._Z10turn90leftv
                0x00000000        0x2 Sketch.o
 .text._Z11turn180leftv
                0x00000000        0x2 Sketch.o
 .text._Z15flashheadlightsv
                0x00000000       0x2c Sketch.o
 .text._Z16flashbrakelightsv
                0x00000000       0x2c Sketch.o
 .text._Z17flashRightBlinkerv
                0x00000000       0x2c Sketch.o
 .text._Z16flashLeftBlinkerv
                0x00000000        0x4 Sketch.o
 .text._Z7forwardi
                0x00000000       0x1a Sketch.o
 .text._Z9backwardsi
                0x00000000       0x1a Sketch.o
 .text._Z4horni
                0x00000000       0x2c Sketch.o
 .text          0x00000000        0x0 C:\Users\waylo\IDEAPR~1\MICROC~1.3\Boebot2.0\STUDIO~1\STUDIO~1\ARDUIN~1\Debug\libArduinoCore.a(main.o)
 .data          0x00000000        0x0 C:\Users\waylo\IDEAPR~1\MICROC~1.3\Boebot2.0\STUDIO~1\STUDIO~1\ARDUIN~1\Debug\libArduinoCore.a(main.o)
 .bss           0x00000000        0x0 C:\Users\waylo\IDEAPR~1\MICROC~1.3\Boebot2.0\STUDIO~1\STUDIO~1\ARDUIN~1\Debug\libArduinoCore.a(main.o)
 .text.atexit   0x00000000        0x6 C:\Users\waylo\IDEAPR~1\MICROC~1.3\Boebot2.0\STUDIO~1\STUDIO~1\ARDUIN~1\Debug\libArduinoCore.a(main.o)
 .text._Z8setupUSBv
                0x00000000        0x2 C:\Users\waylo\IDEAPR~1\MICROC~1.3\Boebot2.0\STUDIO~1\STUDIO~1\ARDUIN~1\Debug\libArduinoCore.a(main.o)
 .text          0x00000000        0x0 C:\Users\waylo\IDEAPR~1\MICROC~1.3\Boebot2.0\STUDIO~1\STUDIO~1\ARDUIN~1\Debug\libArduinoCore.a(Tone.o)
 .data          0x00000000        0x0 C:\Users\waylo\IDEAPR~1\MICROC~1.3\Boebot2.0\STUDIO~1\STUDIO~1\ARDUIN~1\Debug\libArduinoCore.a(Tone.o)
 .bss           0x00000000        0x0 C:\Users\waylo\IDEAPR~1\MICROC~1.3\Boebot2.0\STUDIO~1\STUDIO~1\ARDUIN~1\Debug\libArduinoCore.a(Tone.o)
 .text._Z4tonehjm
                0x00000000      0x6f6 C:\Users\waylo\IDEAPR~1\MICROC~1.3\Boebot2.0\STUDIO~1\STUDIO~1\ARDUIN~1\Debug\libArduinoCore.a(Tone.o)
 .bss.timer5_pin_mask
                0x00000000        0x1 C:\Users\waylo\IDEAPR~1\MICROC~1.3\Boebot2.0\STUDIO~1\STUDIO~1\ARDUIN~1\Debug\libArduinoCore.a(Tone.o)
 .bss.timer5_pin_port
                0x00000000        0x2 C:\Users\waylo\IDEAPR~1\MICROC~1.3\Boebot2.0\STUDIO~1\STUDIO~1\ARDUIN~1\Debug\libArduinoCore.a(Tone.o)
 .bss.timer5_toggle_count
                0x00000000        0x4 C:\Users\waylo\IDEAPR~1\MICROC~1.3\Boebot2.0\STUDIO~1\STUDIO~1\ARDUIN~1\Debug\libArduinoCore.a(Tone.o)
 .bss.timer4_pin_mask
                0x00000000        0x1 C:\Users\waylo\IDEAPR~1\MICROC~1.3\Boebot2.0\STUDIO~1\STUDIO~1\ARDUIN~1\Debug\libArduinoCore.a(Tone.o)
 .bss.timer4_pin_port
                0x00000000        0x2 C:\Users\waylo\IDEAPR~1\MICROC~1.3\Boebot2.0\STUDIO~1\STUDIO~1\ARDUIN~1\Debug\libArduinoCore.a(Tone.o)
 .bss.timer4_toggle_count
                0x00000000        0x4 C:\Users\waylo\IDEAPR~1\MICROC~1.3\Boebot2.0\STUDIO~1\STUDIO~1\ARDUIN~1\Debug\libArduinoCore.a(Tone.o)
 .bss.timer3_pin_mask
                0x00000000        0x1 C:\Users\waylo\IDEAPR~1\MICROC~1.3\Boebot2.0\STUDIO~1\STUDIO~1\ARDUIN~1\Debug\libArduinoCore.a(Tone.o)
 .bss.timer3_pin_port
                0x00000000        0x2 C:\Users\waylo\IDEAPR~1\MICROC~1.3\Boebot2.0\STUDIO~1\STUDIO~1\ARDUIN~1\Debug\libArduinoCore.a(Tone.o)
 .bss.timer3_toggle_count
                0x00000000        0x4 C:\Users\waylo\IDEAPR~1\MICROC~1.3\Boebot2.0\STUDIO~1\STUDIO~1\ARDUIN~1\Debug\libArduinoCore.a(Tone.o)
 .bss.timer1_pin_mask
                0x00000000        0x1 C:\Users\waylo\IDEAPR~1\MICROC~1.3\Boebot2.0\STUDIO~1\STUDIO~1\ARDUIN~1\Debug\libArduinoCore.a(Tone.o)
 .bss.timer1_pin_port
                0x00000000        0x2 C:\Users\waylo\IDEAPR~1\MICROC~1.3\Boebot2.0\STUDIO~1\STUDIO~1\ARDUIN~1\Debug\libArduinoCore.a(Tone.o)
 .bss.timer1_toggle_count
                0x00000000        0x4 C:\Users\waylo\IDEAPR~1\MICROC~1.3\Boebot2.0\STUDIO~1\STUDIO~1\ARDUIN~1\Debug\libArduinoCore.a(Tone.o)
 .bss.timer0_pin_mask
                0x00000000        0x1 C:\Users\waylo\IDEAPR~1\MICROC~1.3\Boebot2.0\STUDIO~1\STUDIO~1\ARDUIN~1\Debug\libArduinoCore.a(Tone.o)
 .bss.timer0_pin_port
                0x00000000        0x2 C:\Users\waylo\IDEAPR~1\MICROC~1.3\Boebot2.0\STUDIO~1\STUDIO~1\ARDUIN~1\Debug\libArduinoCore.a(Tone.o)
 .bss.timer0_toggle_count
                0x00000000        0x4 C:\Users\waylo\IDEAPR~1\MICROC~1.3\Boebot2.0\STUDIO~1\STUDIO~1\ARDUIN~1\Debug\libArduinoCore.a(Tone.o)
 .text          0x00000000        0x0 C:\Users\waylo\IDEAPR~1\MICROC~1.3\Boebot2.0\STUDIO~1\STUDIO~1\ARDUIN~1\Debug\libArduinoCore.a(wiring.o)
 .data          0x00000000        0x0 C:\Users\waylo\IDEAPR~1\MICROC~1.3\Boebot2.0\STUDIO~1\STUDIO~1\ARDUIN~1\Debug\libArduinoCore.a(wiring.o)
 .bss           0x00000000        0x0 C:\Users\waylo\IDEAPR~1\MICROC~1.3\Boebot2.0\STUDIO~1\STUDIO~1\ARDUIN~1\Debug\libArduinoCore.a(wiring.o)
 .text.millis   0x00000000       0x18 C:\Users\waylo\IDEAPR~1\MICROC~1.3\Boebot2.0\STUDIO~1\STUDIO~1\ARDUIN~1\Debug\libArduinoCore.a(wiring.o)
 .text.delayMicroseconds
                0x00000000       0x16 C:\Users\waylo\IDEAPR~1\MICROC~1.3\Boebot2.0\STUDIO~1\STUDIO~1\ARDUIN~1\Debug\libArduinoCore.a(wiring.o)
 .text          0x00000000        0x0 C:\Users\waylo\IDEAPR~1\MICROC~1.3\Boebot2.0\STUDIO~1\STUDIO~1\ARDUIN~1\Debug\libArduinoCore.a(wiring_analog.o)
 .data          0x00000000        0x0 C:\Users\waylo\IDEAPR~1\MICROC~1.3\Boebot2.0\STUDIO~1\STUDIO~1\ARDUIN~1\Debug\libArduinoCore.a(wiring_analog.o)
 .bss           0x00000000        0x0 C:\Users\waylo\IDEAPR~1\MICROC~1.3\Boebot2.0\STUDIO~1\STUDIO~1\ARDUIN~1\Debug\libArduinoCore.a(wiring_analog.o)
 .text.analogReference
                0x00000000        0x6 C:\Users\waylo\IDEAPR~1\MICROC~1.3\Boebot2.0\STUDIO~1\STUDIO~1\ARDUIN~1\Debug\libArduinoCore.a(wiring_analog.o)
 .text.analogRead
                0x00000000       0x4a C:\Users\waylo\IDEAPR~1\MICROC~1.3\Boebot2.0\STUDIO~1\STUDIO~1\ARDUIN~1\Debug\libArduinoCore.a(wiring_analog.o)
 .text.analogWrite
                0x00000000      0x192 C:\Users\waylo\IDEAPR~1\MICROC~1.3\Boebot2.0\STUDIO~1\STUDIO~1\ARDUIN~1\Debug\libArduinoCore.a(wiring_analog.o)
 .progmem.gcc_sw_table.analogWrite
                0x00000000       0x24 C:\Users\waylo\IDEAPR~1\MICROC~1.3\Boebot2.0\STUDIO~1\STUDIO~1\ARDUIN~1\Debug\libArduinoCore.a(wiring_analog.o)
 .data.analog_reference
                0x00000000        0x1 C:\Users\waylo\IDEAPR~1\MICROC~1.3\Boebot2.0\STUDIO~1\STUDIO~1\ARDUIN~1\Debug\libArduinoCore.a(wiring_analog.o)
 .debug_info    0x00000000      0x2cd C:\Users\waylo\IDEAPR~1\MICROC~1.3\Boebot2.0\STUDIO~1\STUDIO~1\ARDUIN~1\Debug\libArduinoCore.a(wiring_analog.o)
 .debug_abbrev  0x00000000      0x17a C:\Users\waylo\IDEAPR~1\MICROC~1.3\Boebot2.0\STUDIO~1\STUDIO~1\ARDUIN~1\Debug\libArduinoCore.a(wiring_analog.o)
 .debug_loc     0x00000000      0x11c C:\Users\waylo\IDEAPR~1\MICROC~1.3\Boebot2.0\STUDIO~1\STUDIO~1\ARDUIN~1\Debug\libArduinoCore.a(wiring_analog.o)
 .debug_aranges
                0x00000000       0x30 C:\Users\waylo\IDEAPR~1\MICROC~1.3\Boebot2.0\STUDIO~1\STUDIO~1\ARDUIN~1\Debug\libArduinoCore.a(wiring_analog.o)
 .debug_ranges  0x00000000       0x20 C:\Users\waylo\IDEAPR~1\MICROC~1.3\Boebot2.0\STUDIO~1\STUDIO~1\ARDUIN~1\Debug\libArduinoCore.a(wiring_analog.o)
 .debug_line    0x00000000      0x2bb C:\Users\waylo\IDEAPR~1\MICROC~1.3\Boebot2.0\STUDIO~1\STUDIO~1\ARDUIN~1\Debug\libArduinoCore.a(wiring_analog.o)
 .debug_str     0x00000000      0x24c C:\Users\waylo\IDEAPR~1\MICROC~1.3\Boebot2.0\STUDIO~1\STUDIO~1\ARDUIN~1\Debug\libArduinoCore.a(wiring_analog.o)
 .comment       0x00000000       0x31 C:\Users\waylo\IDEAPR~1\MICROC~1.3\Boebot2.0\STUDIO~1\STUDIO~1\ARDUIN~1\Debug\libArduinoCore.a(wiring_analog.o)
 .debug_frame   0x00000000       0x54 C:\Users\waylo\IDEAPR~1\MICROC~1.3\Boebot2.0\STUDIO~1\STUDIO~1\ARDUIN~1\Debug\libArduinoCore.a(wiring_analog.o)
 .text          0x00000000        0x0 C:\Users\waylo\IDEAPR~1\MICROC~1.3\Boebot2.0\STUDIO~1\STUDIO~1\ARDUIN~1\Debug\libArduinoCore.a(wiring_digital.o)
 .data          0x00000000        0x0 C:\Users\waylo\IDEAPR~1\MICROC~1.3\Boebot2.0\STUDIO~1\STUDIO~1\ARDUIN~1\Debug\libArduinoCore.a(wiring_digital.o)
 .bss           0x00000000        0x0 C:\Users\waylo\IDEAPR~1\MICROC~1.3\Boebot2.0\STUDIO~1\STUDIO~1\ARDUIN~1\Debug\libArduinoCore.a(wiring_digital.o)
 .text.digitalRead
                0x00000000       0x52 C:\Users\waylo\IDEAPR~1\MICROC~1.3\Boebot2.0\STUDIO~1\STUDIO~1\ARDUIN~1\Debug\libArduinoCore.a(wiring_digital.o)
 .progmem.data.port_to_input_PGM
                0x00000000       0x1a C:\Users\waylo\IDEAPR~1\MICROC~1.3\Boebot2.0\STUDIO~1\STUDIO~1\ARDUIN~1\Debug\libArduinoCore.a(wiring_digital.o)
 .text          0x00000000        0x0 C:\Users\waylo\IDEAPR~1\MICROC~1.3\Boebot2.0\STUDIO~1\STUDIO~1\ARDUIN~1\Debug\libArduinoCore.a(hooks.o)
 .data          0x00000000        0x0 C:\Users\waylo\IDEAPR~1\MICROC~1.3\Boebot2.0\STUDIO~1\STUDIO~1\ARDUIN~1\Debug\libArduinoCore.a(hooks.o)
 .bss           0x00000000        0x0 C:\Users\waylo\IDEAPR~1\MICROC~1.3\Boebot2.0\STUDIO~1\STUDIO~1\ARDUIN~1\Debug\libArduinoCore.a(hooks.o)
 .text          0x00000000        0x0 d:/programmas/atmelstudio7/7.0/toolchain/avr8/avr8-gnu-toolchain/bin/../lib/gcc/avr/5.4.0/avr6\libgcc.a(_udivmodsi4.o)
 .data          0x00000000        0x0 d:/programmas/atmelstudio7/7.0/toolchain/avr8/avr8-gnu-toolchain/bin/../lib/gcc/avr/5.4.0/avr6\libgcc.a(_udivmodsi4.o)
 .bss           0x00000000        0x0 d:/programmas/atmelstudio7/7.0/toolchain/avr8/avr8-gnu-toolchain/bin/../lib/gcc/avr/5.4.0/avr6\libgcc.a(_udivmodsi4.o)
 .text.libgcc.mul
                0x00000000        0x0 d:/programmas/atmelstudio7/7.0/toolchain/avr8/avr8-gnu-toolchain/bin/../lib/gcc/avr/5.4.0/avr6\libgcc.a(_udivmodsi4.o)
 .text.libgcc.div
                0x00000000       0x44 d:/programmas/atmelstudio7/7.0/toolchain/avr8/avr8-gnu-toolchain/bin/../lib/gcc/avr/5.4.0/avr6\libgcc.a(_udivmodsi4.o)
 .text.libgcc   0x00000000        0x0 d:/programmas/atmelstudio7/7.0/toolchain/avr8/avr8-gnu-toolchain/bin/../lib/gcc/avr/5.4.0/avr6\libgcc.a(_udivmodsi4.o)
 .text.libgcc.prologue
                0x00000000        0x0 d:/programmas/atmelstudio7/7.0/toolchain/avr8/avr8-gnu-toolchain/bin/../lib/gcc/avr/5.4.0/avr6\libgcc.a(_udivmodsi4.o)
 .text.libgcc.builtins
                0x00000000        0x0 d:/programmas/atmelstudio7/7.0/toolchain/avr8/avr8-gnu-toolchain/bin/../lib/gcc/avr/5.4.0/avr6\libgcc.a(_udivmodsi4.o)
 .text.libgcc.fmul
                0x00000000        0x0 d:/programmas/atmelstudio7/7.0/toolchain/avr8/avr8-gnu-toolchain/bin/../lib/gcc/avr/5.4.0/avr6\libgcc.a(_udivmodsi4.o)
 .text.libgcc.fixed
                0x00000000        0x0 d:/programmas/atmelstudio7/7.0/toolchain/avr8/avr8-gnu-toolchain/bin/../lib/gcc/avr/5.4.0/avr6\libgcc.a(_udivmodsi4.o)
 .text          0x00000000        0x0 d:/programmas/atmelstudio7/7.0/toolchain/avr8/avr8-gnu-toolchain/bin/../lib/gcc/avr/5.4.0/avr6\libgcc.a(_divmodsi4.o)
 .data          0x00000000        0x0 d:/programmas/atmelstudio7/7.0/toolchain/avr8/avr8-gnu-toolchain/bin/../lib/gcc/avr/5.4.0/avr6\libgcc.a(_divmodsi4.o)
 .bss           0x00000000        0x0 d:/programmas/atmelstudio7/7.0/toolchain/avr8/avr8-gnu-toolchain/bin/../lib/gcc/avr/5.4.0/avr6\libgcc.a(_divmodsi4.o)
 .text.libgcc.mul
                0x00000000        0x0 d:/programmas/atmelstudio7/7.0/toolchain/avr8/avr8-gnu-toolchain/bin/../lib/gcc/avr/5.4.0/avr6\libgcc.a(_divmodsi4.o)
 .text.libgcc.div
                0x00000000       0x2e d:/programmas/atmelstudio7/7.0/toolchain/avr8/avr8-gnu-toolchain/bin/../lib/gcc/avr/5.4.0/avr6\libgcc.a(_divmodsi4.o)
 .text.libgcc   0x00000000        0x0 d:/programmas/atmelstudio7/7.0/toolchain/avr8/avr8-gnu-toolchain/bin/../lib/gcc/avr/5.4.0/avr6\libgcc.a(_divmodsi4.o)
 .text.libgcc.prologue
                0x00000000        0x0 d:/programmas/atmelstudio7/7.0/toolchain/avr8/avr8-gnu-toolchain/bin/../lib/gcc/avr/5.4.0/avr6\libgcc.a(_divmodsi4.o)
 .text.libgcc.builtins
                0x00000000        0x0 d:/programmas/atmelstudio7/7.0/toolchain/avr8/avr8-gnu-toolchain/bin/../lib/gcc/avr/5.4.0/avr6\libgcc.a(_divmodsi4.o)
 .text.libgcc.fmul
                0x00000000        0x0 d:/programmas/atmelstudio7/7.0/toolchain/avr8/avr8-gnu-toolchain/bin/../lib/gcc/avr/5.4.0/avr6\libgcc.a(_divmodsi4.o)
 .text.libgcc.fixed
                0x00000000        0x0 d:/programmas/atmelstudio7/7.0/toolchain/avr8/avr8-gnu-toolchain/bin/../lib/gcc/avr/5.4.0/avr6\libgcc.a(_divmodsi4.o)
 .text          0x00000000        0x0 d:/programmas/atmelstudio7/7.0/toolchain/avr8/avr8-gnu-toolchain/bin/../lib/gcc/avr/5.4.0/avr6\libgcc.a(_negsi2.o)
 .data          0x00000000        0x0 d:/programmas/atmelstudio7/7.0/toolchain/avr8/avr8-gnu-toolchain/bin/../lib/gcc/avr/5.4.0/avr6\libgcc.a(_negsi2.o)
 .bss           0x00000000        0x0 d:/programmas/atmelstudio7/7.0/toolchain/avr8/avr8-gnu-toolchain/bin/../lib/gcc/avr/5.4.0/avr6\libgcc.a(_negsi2.o)
 .text.libgcc.mul
                0x00000000        0x0 d:/programmas/atmelstudio7/7.0/toolchain/avr8/avr8-gnu-toolchain/bin/../lib/gcc/avr/5.4.0/avr6\libgcc.a(_negsi2.o)
 .text.libgcc.div
                0x00000000       0x10 d:/programmas/atmelstudio7/7.0/toolchain/avr8/avr8-gnu-toolchain/bin/../lib/gcc/avr/5.4.0/avr6\libgcc.a(_negsi2.o)
 .text.libgcc   0x00000000        0x0 d:/programmas/atmelstudio7/7.0/toolchain/avr8/avr8-gnu-toolchain/bin/../lib/gcc/avr/5.4.0/avr6\libgcc.a(_negsi2.o)
 .text.libgcc.prologue
                0x00000000        0x0 d:/programmas/atmelstudio7/7.0/toolchain/avr8/avr8-gnu-toolchain/bin/../lib/gcc/avr/5.4.0/avr6\libgcc.a(_negsi2.o)
 .text.libgcc.builtins
                0x00000000        0x0 d:/programmas/atmelstudio7/7.0/toolchain/avr8/avr8-gnu-toolchain/bin/../lib/gcc/avr/5.4.0/avr6\libgcc.a(_negsi2.o)
 .text.libgcc.fmul
                0x00000000        0x0 d:/programmas/atmelstudio7/7.0/toolchain/avr8/avr8-gnu-toolchain/bin/../lib/gcc/avr/5.4.0/avr6\libgcc.a(_negsi2.o)
 .text.libgcc.fixed
                0x00000000        0x0 d:/programmas/atmelstudio7/7.0/toolchain/avr8/avr8-gnu-toolchain/bin/../lib/gcc/avr/5.4.0/avr6\libgcc.a(_negsi2.o)
 .text          0x00000000        0x0 d:/programmas/atmelstudio7/7.0/toolchain/avr8/avr8-gnu-toolchain/bin/../lib/gcc/avr/5.4.0/avr6\libgcc.a(_exit.o)
 .data          0x00000000        0x0 d:/programmas/atmelstudio7/7.0/toolchain/avr8/avr8-gnu-toolchain/bin/../lib/gcc/avr/5.4.0/avr6\libgcc.a(_exit.o)
 .bss           0x00000000        0x0 d:/programmas/atmelstudio7/7.0/toolchain/avr8/avr8-gnu-toolchain/bin/../lib/gcc/avr/5.4.0/avr6\libgcc.a(_exit.o)
 .text.libgcc.mul
                0x00000000        0x0 d:/programmas/atmelstudio7/7.0/toolchain/avr8/avr8-gnu-toolchain/bin/../lib/gcc/avr/5.4.0/avr6\libgcc.a(_exit.o)
 .text.libgcc.div
                0x00000000        0x0 d:/programmas/atmelstudio7/7.0/toolchain/avr8/avr8-gnu-toolchain/bin/../lib/gcc/avr/5.4.0/avr6\libgcc.a(_exit.o)
 .text.libgcc   0x00000000        0x0 d:/programmas/atmelstudio7/7.0/toolchain/avr8/avr8-gnu-toolchain/bin/../lib/gcc/avr/5.4.0/avr6\libgcc.a(_exit.o)
 .text.libgcc.prologue
                0x00000000        0x0 d:/programmas/atmelstudio7/7.0/toolchain/avr8/avr8-gnu-toolchain/bin/../lib/gcc/avr/5.4.0/avr6\libgcc.a(_exit.o)
 .text.libgcc.builtins
                0x00000000        0x0 d:/programmas/atmelstudio7/7.0/toolchain/avr8/avr8-gnu-toolchain/bin/../lib/gcc/avr/5.4.0/avr6\libgcc.a(_exit.o)
 .text.libgcc.fmul
                0x00000000        0x0 d:/programmas/atmelstudio7/7.0/toolchain/avr8/avr8-gnu-toolchain/bin/../lib/gcc/avr/5.4.0/avr6\libgcc.a(_exit.o)
 .text.libgcc.fixed
                0x00000000        0x0 d:/programmas/atmelstudio7/7.0/toolchain/avr8/avr8-gnu-toolchain/bin/../lib/gcc/avr/5.4.0/avr6\libgcc.a(_exit.o)
 .text          0x00000000        0x0 d:/programmas/atmelstudio7/7.0/toolchain/avr8/avr8-gnu-toolchain/bin/../lib/gcc/avr/5.4.0/avr6\libgcc.a(_tablejump2.o)
 .data          0x00000000        0x0 d:/programmas/atmelstudio7/7.0/toolchain/avr8/avr8-gnu-toolchain/bin/../lib/gcc/avr/5.4.0/avr6\libgcc.a(_tablejump2.o)
 .bss           0x00000000        0x0 d:/programmas/atmelstudio7/7.0/toolchain/avr8/avr8-gnu-toolchain/bin/../lib/gcc/avr/5.4.0/avr6\libgcc.a(_tablejump2.o)
 .text.libgcc.mul
                0x00000000        0x0 d:/programmas/atmelstudio7/7.0/toolchain/avr8/avr8-gnu-toolchain/bin/../lib/gcc/avr/5.4.0/avr6\libgcc.a(_tablejump2.o)
 .text.libgcc.div
                0x00000000        0x0 d:/programmas/atmelstudio7/7.0/toolchain/avr8/avr8-gnu-toolchain/bin/../lib/gcc/avr/5.4.0/avr6\libgcc.a(_tablejump2.o)
 .text.libgcc.prologue
                0x00000000        0x0 d:/programmas/atmelstudio7/7.0/toolchain/avr8/avr8-gnu-toolchain/bin/../lib/gcc/avr/5.4.0/avr6\libgcc.a(_tablejump2.o)
 .text.libgcc.builtins
                0x00000000        0x0 d:/programmas/atmelstudio7/7.0/toolchain/avr8/avr8-gnu-toolchain/bin/../lib/gcc/avr/5.4.0/avr6\libgcc.a(_tablejump2.o)
 .text.libgcc.fmul
                0x00000000        0x0 d:/programmas/atmelstudio7/7.0/toolchain/avr8/avr8-gnu-toolchain/bin/../lib/gcc/avr/5.4.0/avr6\libgcc.a(_tablejump2.o)
 .text.libgcc.fixed
                0x00000000        0x0 d:/programmas/atmelstudio7/7.0/toolchain/avr8/avr8-gnu-toolchain/bin/../lib/gcc/avr/5.4.0/avr6\libgcc.a(_tablejump2.o)
 .text          0x00000000        0x0 d:/programmas/atmelstudio7/7.0/toolchain/avr8/avr8-gnu-toolchain/bin/../lib/gcc/avr/5.4.0/avr6\libgcc.a(_copy_data.o)
 .data          0x00000000        0x0 d:/programmas/atmelstudio7/7.0/toolchain/avr8/avr8-gnu-toolchain/bin/../lib/gcc/avr/5.4.0/avr6\libgcc.a(_copy_data.o)
 .bss           0x00000000        0x0 d:/programmas/atmelstudio7/7.0/toolchain/avr8/avr8-gnu-toolchain/bin/../lib/gcc/avr/5.4.0/avr6\libgcc.a(_copy_data.o)
 .text.libgcc.mul
                0x00000000        0x0 d:/programmas/atmelstudio7/7.0/toolchain/avr8/avr8-gnu-toolchain/bin/../lib/gcc/avr/5.4.0/avr6\libgcc.a(_copy_data.o)
 .text.libgcc.div
                0x00000000        0x0 d:/programmas/atmelstudio7/7.0/toolchain/avr8/avr8-gnu-toolchain/bin/../lib/gcc/avr/5.4.0/avr6\libgcc.a(_copy_data.o)
 .text.libgcc   0x00000000        0x0 d:/programmas/atmelstudio7/7.0/toolchain/avr8/avr8-gnu-toolchain/bin/../lib/gcc/avr/5.4.0/avr6\libgcc.a(_copy_data.o)
 .text.libgcc.prologue
                0x00000000        0x0 d:/programmas/atmelstudio7/7.0/toolchain/avr8/avr8-gnu-toolchain/bin/../lib/gcc/avr/5.4.0/avr6\libgcc.a(_copy_data.o)
 .text.libgcc.builtins
                0x00000000        0x0 d:/programmas/atmelstudio7/7.0/toolchain/avr8/avr8-gnu-toolchain/bin/../lib/gcc/avr/5.4.0/avr6\libgcc.a(_copy_data.o)
 .text.libgcc.fmul
                0x00000000        0x0 d:/programmas/atmelstudio7/7.0/toolchain/avr8/avr8-gnu-toolchain/bin/../lib/gcc/avr/5.4.0/avr6\libgcc.a(_copy_data.o)
 .text.libgcc.fixed
                0x00000000        0x0 d:/programmas/atmelstudio7/7.0/toolchain/avr8/avr8-gnu-toolchain/bin/../lib/gcc/avr/5.4.0/avr6\libgcc.a(_copy_data.o)
 .text          0x00000000        0x0 d:/programmas/atmelstudio7/7.0/toolchain/avr8/avr8-gnu-toolchain/bin/../lib/gcc/avr/5.4.0/avr6\libgcc.a(_clear_bss.o)
 .data          0x00000000        0x0 d:/programmas/atmelstudio7/7.0/toolchain/avr8/avr8-gnu-toolchain/bin/../lib/gcc/avr/5.4.0/avr6\libgcc.a(_clear_bss.o)
 .bss           0x00000000        0x0 d:/programmas/atmelstudio7/7.0/toolchain/avr8/avr8-gnu-toolchain/bin/../lib/gcc/avr/5.4.0/avr6\libgcc.a(_clear_bss.o)
 .text.libgcc.mul
                0x00000000        0x0 d:/programmas/atmelstudio7/7.0/toolchain/avr8/avr8-gnu-toolchain/bin/../lib/gcc/avr/5.4.0/avr6\libgcc.a(_clear_bss.o)
 .text.libgcc.div
                0x00000000        0x0 d:/programmas/atmelstudio7/7.0/toolchain/avr8/avr8-gnu-toolchain/bin/../lib/gcc/avr/5.4.0/avr6\libgcc.a(_clear_bss.o)
 .text.libgcc   0x00000000        0x0 d:/programmas/atmelstudio7/7.0/toolchain/avr8/avr8-gnu-toolchain/bin/../lib/gcc/avr/5.4.0/avr6\libgcc.a(_clear_bss.o)
 .text.libgcc.prologue
                0x00000000        0x0 d:/programmas/atmelstudio7/7.0/toolchain/avr8/avr8-gnu-toolchain/bin/../lib/gcc/avr/5.4.0/avr6\libgcc.a(_clear_bss.o)
 .text.libgcc.builtins
                0x00000000        0x0 d:/programmas/atmelstudio7/7.0/toolchain/avr8/avr8-gnu-toolchain/bin/../lib/gcc/avr/5.4.0/avr6\libgcc.a(_clear_bss.o)
 .text.libgcc.fmul
                0x00000000        0x0 d:/programmas/atmelstudio7/7.0/toolchain/avr8/avr8-gnu-toolchain/bin/../lib/gcc/avr/5.4.0/avr6\libgcc.a(_clear_bss.o)
 .text.libgcc.fixed
                0x00000000        0x0 d:/programmas/atmelstudio7/7.0/toolchain/avr8/avr8-gnu-toolchain/bin/../lib/gcc/avr/5.4.0/avr6\libgcc.a(_clear_bss.o)
 .text          0x00000000        0x0 d:/programmas/atmelstudio7/7.0/toolchain/avr8/avr8-gnu-toolchain/bin/../lib/gcc/avr/5.4.0/avr6\libgcc.a(_muluhisi3.o)
 .data          0x00000000        0x0 d:/programmas/atmelstudio7/7.0/toolchain/avr8/avr8-gnu-toolchain/bin/../lib/gcc/avr/5.4.0/avr6\libgcc.a(_muluhisi3.o)
 .bss           0x00000000        0x0 d:/programmas/atmelstudio7/7.0/toolchain/avr8/avr8-gnu-toolchain/bin/../lib/gcc/avr/5.4.0/avr6\libgcc.a(_muluhisi3.o)
 .text.libgcc.mul
                0x00000000       0x16 d:/programmas/atmelstudio7/7.0/toolchain/avr8/avr8-gnu-toolchain/bin/../lib/gcc/avr/5.4.0/avr6\libgcc.a(_muluhisi3.o)
 .text.libgcc.div
                0x00000000        0x0 d:/programmas/atmelstudio7/7.0/toolchain/avr8/avr8-gnu-toolchain/bin/../lib/gcc/avr/5.4.0/avr6\libgcc.a(_muluhisi3.o)
 .text.libgcc   0x00000000        0x0 d:/programmas/atmelstudio7/7.0/toolchain/avr8/avr8-gnu-toolchain/bin/../lib/gcc/avr/5.4.0/avr6\libgcc.a(_muluhisi3.o)
 .text.libgcc.prologue
                0x00000000        0x0 d:/programmas/atmelstudio7/7.0/toolchain/avr8/avr8-gnu-toolchain/bin/../lib/gcc/avr/5.4.0/avr6\libgcc.a(_muluhisi3.o)
 .text.libgcc.builtins
                0x00000000        0x0 d:/programmas/atmelstudio7/7.0/toolchain/avr8/avr8-gnu-toolchain/bin/../lib/gcc/avr/5.4.0/avr6\libgcc.a(_muluhisi3.o)
 .text.libgcc.fmul
                0x00000000        0x0 d:/programmas/atmelstudio7/7.0/toolchain/avr8/avr8-gnu-toolchain/bin/../lib/gcc/avr/5.4.0/avr6\libgcc.a(_muluhisi3.o)
 .text.libgcc.fixed
                0x00000000        0x0 d:/programmas/atmelstudio7/7.0/toolchain/avr8/avr8-gnu-toolchain/bin/../lib/gcc/avr/5.4.0/avr6\libgcc.a(_muluhisi3.o)
 .text          0x00000000        0x0 d:/programmas/atmelstudio7/7.0/toolchain/avr8/avr8-gnu-toolchain/bin/../lib/gcc/avr/5.4.0/avr6\libgcc.a(_umulhisi3.o)
 .data          0x00000000        0x0 d:/programmas/atmelstudio7/7.0/toolchain/avr8/avr8-gnu-toolchain/bin/../lib/gcc/avr/5.4.0/avr6\libgcc.a(_umulhisi3.o)
 .bss           0x00000000        0x0 d:/programmas/atmelstudio7/7.0/toolchain/avr8/avr8-gnu-toolchain/bin/../lib/gcc/avr/5.4.0/avr6\libgcc.a(_umulhisi3.o)
 .text.libgcc.mul
                0x00000000       0x1e d:/programmas/atmelstudio7/7.0/toolchain/avr8/avr8-gnu-toolchain/bin/../lib/gcc/avr/5.4.0/avr6\libgcc.a(_umulhisi3.o)
 .text.libgcc.div
                0x00000000        0x0 d:/programmas/atmelstudio7/7.0/toolchain/avr8/avr8-gnu-toolchain/bin/../lib/gcc/avr/5.4.0/avr6\libgcc.a(_umulhisi3.o)
 .text.libgcc   0x00000000        0x0 d:/programmas/atmelstudio7/7.0/toolchain/avr8/avr8-gnu-toolchain/bin/../lib/gcc/avr/5.4.0/avr6\libgcc.a(_umulhisi3.o)
 .text.libgcc.prologue
                0x00000000        0x0 d:/programmas/atmelstudio7/7.0/toolchain/avr8/avr8-gnu-toolchain/bin/../lib/gcc/avr/5.4.0/avr6\libgcc.a(_umulhisi3.o)
 .text.libgcc.builtins
                0x00000000        0x0 d:/programmas/atmelstudio7/7.0/toolchain/avr8/avr8-gnu-toolchain/bin/../lib/gcc/avr/5.4.0/avr6\libgcc.a(_umulhisi3.o)
 .text.libgcc.fmul
                0x00000000        0x0 d:/programmas/atmelstudio7/7.0/toolchain/avr8/avr8-gnu-toolchain/bin/../lib/gcc/avr/5.4.0/avr6\libgcc.a(_umulhisi3.o)
 .text.libgcc.fixed
                0x00000000        0x0 d:/programmas/atmelstudio7/7.0/toolchain/avr8/avr8-gnu-toolchain/bin/../lib/gcc/avr/5.4.0/avr6\libgcc.a(_umulhisi3.o)

Memory Configuration

Name             Origin             Length             Attributes
text             0x00000000         0x00100000         xr
data             0x00800200         0x0000fe00         rw !x
eeprom           0x00810000         0x00010000         rw !x
fuse             0x00820000         0x00000003         rw !x
lock             0x00830000         0x00000400         rw !x
signature        0x00840000         0x00000400         rw !x
user_signatures  0x00850000         0x00000400         rw !x
*default*        0x00000000         0xffffffff

Linker script and memory map

Address of section .data set to 0x800200
LOAD D:/Programmas/AtmelStudio7/7.0/Packs/atmel/ATmega_DFP/1.3.300/gcc/dev/atmega2560/avr6/crtatmega2560.o
LOAD Sketch.o
START GROUP
LOAD d:/programmas/atmelstudio7/7.0/toolchain/avr8/avr8-gnu-toolchain/bin/../lib/gcc/avr/5.4.0/../../../../avr/lib/avr6\libm.a
LOAD C:\Users\waylo\IDEAPR~1\MICROC~1.3\Boebot2.0\STUDIO~1\STUDIO~1\ARDUIN~1\Debug\libArduinoCore.a
END GROUP
LOAD d:/programmas/atmelstudio7/7.0/toolchain/avr8/avr8-gnu-toolchain/bin/../lib/gcc/avr/5.4.0/avr6\libgcc.a
LOAD d:/programmas/atmelstudio7/7.0/toolchain/avr8/avr8-gnu-toolchain/bin/../lib/gcc/avr/5.4.0/../../../../avr/lib/avr6\libm.a
START GROUP
LOAD d:/programmas/atmelstudio7/7.0/toolchain/avr8/avr8-gnu-toolchain/bin/../lib/gcc/avr/5.4.0/avr6\libgcc.a
LOAD d:/programmas/atmelstudio7/7.0/toolchain/avr8/avr8-gnu-toolchain/bin/../lib/gcc/avr/5.4.0/../../../../avr/lib/avr6\libm.a
LOAD d:/programmas/atmelstudio7/7.0/toolchain/avr8/avr8-gnu-toolchain/bin/../lib/gcc/avr/5.4.0/../../../../avr/lib/avr6\libc.a
LOAD D:/Programmas/AtmelStudio7/7.0/Packs/atmel/ATmega_DFP/1.3.300/gcc/dev/atmega2560/avr6\libatmega2560.a
END GROUP
                0x00000000                __TEXT_REGION_ORIGIN__ = DEFINED (__TEXT_REGION_ORIGIN__)?__TEXT_REGION_ORIGIN__:0x0
                0x00800200                __DATA_REGION_ORIGIN__ = DEFINED (__DATA_REGION_ORIGIN__)?__DATA_REGION_ORIGIN__:0x800200
                0x00100000                __TEXT_REGION_LENGTH__ = DEFINED (__TEXT_REGION_LENGTH__)?__TEXT_REGION_LENGTH__:0x100000
                0x0000fe00                __DATA_REGION_LENGTH__ = DEFINED (__DATA_REGION_LENGTH__)?__DATA_REGION_LENGTH__:0xfe00
                0x00010000                __EEPROM_REGION_LENGTH__ = DEFINED (__EEPROM_REGION_LENGTH__)?__EEPROM_REGION_LENGTH__:0x10000
                [0x00000003]                __FUSE_REGION_LENGTH__ = DEFINED (__FUSE_REGION_LENGTH__)?__FUSE_REGION_LENGTH__:0x400
                0x00000400                __LOCK_REGION_LENGTH__ = DEFINED (__LOCK_REGION_LENGTH__)?__LOCK_REGION_LENGTH__:0x400
                0x00000400                __SIGNATURE_REGION_LENGTH__ = DEFINED (__SIGNATURE_REGION_LENGTH__)?__SIGNATURE_REGION_LENGTH__:0x400
                0x00000400                __USER_SIGNATURE_REGION_LENGTH__ = DEFINED (__USER_SIGNATURE_REGION_LENGTH__)?__USER_SIGNATURE_REGION_LENGTH__:0x400

.hash
 *(.hash)

.dynsym
 *(.dynsym)

.dynstr
 *(.dynstr)

.gnu.version
 *(.gnu.version)

.gnu.version_d
 *(.gnu.version_d)

.gnu.version_r
 *(.gnu.version_r)

.rel.init
 *(.rel.init)

.rela.init
 *(.rela.init)

.rel.text
 *(.rel.text)
 *(.rel.text.*)
 *(.rel.gnu.linkonce.t*)

.rela.text
 *(.rela.text)
 *(.rela.text.*)
 *(.rela.gnu.linkonce.t*)

.rel.fini
 *(.rel.fini)

.rela.fini
 *(.rela.fini)

.rel.rodata
 *(.rel.rodata)
 *(.rel.rodata.*)
 *(.rel.gnu.linkonce.r*)

.rela.rodata
 *(.rela.rodata)
 *(.rela.rodata.*)
 *(.rela.gnu.linkonce.r*)

.rel.data
 *(.rel.data)
 *(.rel.data.*)
 *(.rel.gnu.linkonce.d*)

.rela.data
 *(.rela.data)
 *(.rela.data.*)
 *(.rela.gnu.linkonce.d*)

.rel.ctors
 *(.rel.ctors)

.rela.ctors
 *(.rela.ctors)

.rel.dtors
 *(.rel.dtors)

.rela.dtors
 *(.rela.dtors)

.rel.got
 *(.rel.got)

.rela.got
 *(.rela.got)

.rel.bss
 *(.rel.bss)

.rela.bss
 *(.rela.bss)

.rel.plt
 *(.rel.plt)

.rela.plt
 *(.rela.plt)

.text           0x00000000      0x9f0
 *(.vectors)
 .vectors       0x00000000       0xe4 D:/Programmas/AtmelStudio7/7.0/Packs/atmel/ATmega_DFP/1.3.300/gcc/dev/atmega2560/avr6/crtatmega2560.o
                0x00000000                __vector_default
                0x00000000                __vectors
 *(.vectors)
 *(.progmem.gcc*)
 .progmem.gcc_sw_table.turnOffPWM
                0x000000e4       0x24 C:\Users\waylo\IDEAPR~1\MICROC~1.3\Boebot2.0\STUDIO~1\STUDIO~1\ARDUIN~1\Debug\libArduinoCore.a(wiring_digital.o)
                0x00000108                . = ALIGN (0x2)
                0x00000108                __trampolines_start = .
 *(.trampolines)
 .trampolines   0x00000108        0x0 linker stubs
 *(.trampolines*)
                0x00000108                __trampolines_end = .
 *libprintf_flt.a:*(.progmem.data)
 *libc.a:*(.progmem.data)
 *(.progmem*)
 .progmem.data._ZL21tone_pin_to_timer_PGM
                0x00000108        0x1 C:\Users\waylo\IDEAPR~1\MICROC~1.3\Boebot2.0\STUDIO~1\STUDIO~1\ARDUIN~1\Debug\libArduinoCore.a(Tone.o)
 .progmem.data.digital_pin_to_timer_PGM
                0x00000109       0x46 C:\Users\waylo\IDEAPR~1\MICROC~1.3\Boebot2.0\STUDIO~1\STUDIO~1\ARDUIN~1\Debug\libArduinoCore.a(wiring_digital.o)
                0x00000109                digital_pin_to_timer_PGM
 .progmem.data.digital_pin_to_bit_mask_PGM
                0x0000014f       0x46 C:\Users\waylo\IDEAPR~1\MICROC~1.3\Boebot2.0\STUDIO~1\STUDIO~1\ARDUIN~1\Debug\libArduinoCore.a(wiring_digital.o)
                0x0000014f                digital_pin_to_bit_mask_PGM
 .progmem.data.digital_pin_to_port_PGM
                0x00000195       0x46 C:\Users\waylo\IDEAPR~1\MICROC~1.3\Boebot2.0\STUDIO~1\STUDIO~1\ARDUIN~1\Debug\libArduinoCore.a(wiring_digital.o)
                0x00000195                digital_pin_to_port_PGM
 .progmem.data.port_to_output_PGM
                0x000001db       0x1a C:\Users\waylo\IDEAPR~1\MICROC~1.3\Boebot2.0\STUDIO~1\STUDIO~1\ARDUIN~1\Debug\libArduinoCore.a(wiring_digital.o)
                0x000001db                port_to_output_PGM
 .progmem.data.port_to_mode_PGM
                0x000001f5       0x1a C:\Users\waylo\IDEAPR~1\MICROC~1.3\Boebot2.0\STUDIO~1\STUDIO~1\ARDUIN~1\Debug\libArduinoCore.a(wiring_digital.o)
                0x000001f5                port_to_mode_PGM
                0x00000210                . = ALIGN (0x2)
 *fill*         0x0000020f        0x1 
 *(.jumptables)
 *(.jumptables*)
 *(.lowtext)
 *(.lowtext*)
                0x00000210                __ctors_start = .
 *(.ctors)
                0x00000210                __ctors_end = .
                0x00000210                __dtors_start = .
 *(.dtors)
                0x00000210                __dtors_end = .
 SORT(*)(.ctors)
 SORT(*)(.dtors)
 *(.init0)
 .init0         0x00000210        0x0 D:/Programmas/AtmelStudio7/7.0/Packs/atmel/ATmega_DFP/1.3.300/gcc/dev/atmega2560/avr6/crtatmega2560.o
                0x00000210                __init
 *(.init0)
 *(.init1)
 *(.init1)
 *(.init2)
 .init2         0x00000210       0x10 D:/Programmas/AtmelStudio7/7.0/Packs/atmel/ATmega_DFP/1.3.300/gcc/dev/atmega2560/avr6/crtatmega2560.o
 *(.init2)
 *(.init3)
 *(.init3)
 *(.init4)
 .init4         0x00000220       0x1a d:/programmas/atmelstudio7/7.0/toolchain/avr8/avr8-gnu-toolchain/bin/../lib/gcc/avr/5.4.0/avr6\libgcc.a(_copy_data.o)
                0x00000220                __do_copy_data
 .init4         0x0000023a       0x10 d:/programmas/atmelstudio7/7.0/toolchain/avr8/avr8-gnu-toolchain/bin/../lib/gcc/avr/5.4.0/avr6\libgcc.a(_clear_bss.o)
                0x0000023a                __do_clear_bss
 *(.init4)
 *(.init5)
 *(.init5)
 *(.init6)
 *(.init6)
 *(.init7)
 *(.init7)
 *(.init8)
 *(.init8)
 *(.init9)
 .init9         0x0000024a        0x4 D:/Programmas/AtmelStudio7/7.0/Packs/atmel/ATmega_DFP/1.3.300/gcc/dev/atmega2560/avr6/crtatmega2560.o
 *(.init9)
 *(.text)
 .text          0x0000024e        0x2 D:/Programmas/AtmelStudio7/7.0/Packs/atmel/ATmega_DFP/1.3.300/gcc/dev/atmega2560/avr6/crtatmega2560.o
                0x0000024e                __vector_38
                0x0000024e                __vector_22
                0x0000024e                __vector_28
                0x0000024e                __vector_1
                0x0000024e                __vector_32
                0x0000024e                __vector_34
                0x0000024e                __vector_24
                0x0000024e                __vector_12
                0x0000024e                __vector_55
                0x0000024e                __vector_46
                0x0000024e                __bad_interrupt
                0x0000024e                __vector_6
                0x0000024e                __vector_31
                0x0000024e                __vector_35
                0x0000024e                __vector_39
                0x0000024e                __vector_3
                0x0000024e                __vector_30
                0x0000024e                __vector_45
                0x0000024e                __vector_25
                0x0000024e                __vector_11
                0x0000024e                __vector_54
                0x0000024e                __vector_17
                0x0000024e                __vector_19
                0x0000024e                __vector_56
                0x0000024e                __vector_7
                0x0000024e                __vector_49
                0x0000024e                __vector_41
                0x0000024e                __vector_43
                0x0000024e                __vector_27
                0x0000024e                __vector_5
                0x0000024e                __vector_33
                0x0000024e                __vector_47
                0x0000024e                __vector_52
                0x0000024e                __vector_37
                0x0000024e                __vector_4
                0x0000024e                __vector_44
                0x0000024e                __vector_51
                0x0000024e                __vector_9
                0x0000024e                __vector_2
                0x0000024e                __vector_21
                0x0000024e                __vector_15
                0x0000024e                __vector_36
                0x0000024e                __vector_29
                0x0000024e                __vector_40
                0x0000024e                __vector_8
                0x0000024e                __vector_26
                0x0000024e                __vector_48
                0x0000024e                __vector_14
                0x0000024e                __vector_53
                0x0000024e                __vector_10
                0x0000024e                __vector_50
                0x0000024e                __vector_16
                0x0000024e                __vector_18
                0x0000024e                __vector_20
                0x0000024e                __vector_42
                0x00000250                . = ALIGN (0x2)
 *(.text.*)
 .text.setup    0x00000250       0x8a Sketch.o
                0x00000250                setup
 .text._Z12displayPoweri
                0x000002da      0x1c0 Sketch.o
                0x000002da                _Z12displayPoweri
 .text.loop     0x0000049a       0x3e Sketch.o
                0x0000049a                loop
 .text.initVariant
                0x000004d8        0x2 C:\Users\waylo\IDEAPR~1\MICROC~1.3\Boebot2.0\STUDIO~1\STUDIO~1\ARDUIN~1\Debug\libArduinoCore.a(main.o)
                0x000004d8                initVariant
 .text.startup.main
                0x000004da       0x16 C:\Users\waylo\IDEAPR~1\MICROC~1.3\Boebot2.0\STUDIO~1\STUDIO~1\ARDUIN~1\Debug\libArduinoCore.a(main.o)
                0x000004da                main
 .text._Z12disableTimerh
                0x000004f0       0x74 C:\Users\waylo\IDEAPR~1\MICROC~1.3\Boebot2.0\STUDIO~1\STUDIO~1\ARDUIN~1\Debug\libArduinoCore.a(Tone.o)
                0x000004f0                _Z12disableTimerh
 .text._Z6noToneh
                0x00000564       0x26 C:\Users\waylo\IDEAPR~1\MICROC~1.3\Boebot2.0\STUDIO~1\STUDIO~1\ARDUIN~1\Debug\libArduinoCore.a(Tone.o)
                0x00000564                _Z6noToneh
 .text.__vector_13
                0x0000058a       0xbe C:\Users\waylo\IDEAPR~1\MICROC~1.3\Boebot2.0\STUDIO~1\STUDIO~1\ARDUIN~1\Debug\libArduinoCore.a(Tone.o)
                0x0000058a                __vector_13
 .text.__vector_23
                0x00000648       0x94 C:\Users\waylo\IDEAPR~1\MICROC~1.3\Boebot2.0\STUDIO~1\STUDIO~1\ARDUIN~1\Debug\libArduinoCore.a(wiring.o)
                0x00000648                __vector_23
 .text.micros   0x000006dc       0x4a C:\Users\waylo\IDEAPR~1\MICROC~1.3\Boebot2.0\STUDIO~1\STUDIO~1\ARDUIN~1\Debug\libArduinoCore.a(wiring.o)
                0x000006dc                micros
 .text.delay    0x00000726       0x72 C:\Users\waylo\IDEAPR~1\MICROC~1.3\Boebot2.0\STUDIO~1\STUDIO~1\ARDUIN~1\Debug\libArduinoCore.a(wiring.o)
                0x00000726                delay
 .text.init     0x00000798       0xc4 C:\Users\waylo\IDEAPR~1\MICROC~1.3\Boebot2.0\STUDIO~1\STUDIO~1\ARDUIN~1\Debug\libArduinoCore.a(wiring.o)
                0x00000798                init
 .text.turnOffPWM
                0x0000085c       0xaa C:\Users\waylo\IDEAPR~1\MICROC~1.3\Boebot2.0\STUDIO~1\STUDIO~1\ARDUIN~1\Debug\libArduinoCore.a(wiring_digital.o)
 .text.pinMode  0x00000906       0x78 C:\Users\waylo\IDEAPR~1\MICROC~1.3\Boebot2.0\STUDIO~1\STUDIO~1\ARDUIN~1\Debug\libArduinoCore.a(wiring_digital.o)
                0x00000906                pinMode
 .text.digitalWrite
                0x0000097e       0x5c C:\Users\waylo\IDEAPR~1\MICROC~1.3\Boebot2.0\STUDIO~1\STUDIO~1\ARDUIN~1\Debug\libArduinoCore.a(wiring_digital.o)
                0x0000097e                digitalWrite
 .text.__empty  0x000009da        0x2 C:\Users\waylo\IDEAPR~1\MICROC~1.3\Boebot2.0\STUDIO~1\STUDIO~1\ARDUIN~1\Debug\libArduinoCore.a(hooks.o)
                0x000009da                yield
 .text.libgcc   0x000009dc       0x10 d:/programmas/atmelstudio7/7.0/toolchain/avr8/avr8-gnu-toolchain/bin/../lib/gcc/avr/5.4.0/avr6\libgcc.a(_tablejump2.o)
                0x000009dc                __tablejump2__
                0x000009ec                . = ALIGN (0x2)
 *(.fini9)
 .fini9         0x000009ec        0x0 d:/programmas/atmelstudio7/7.0/toolchain/avr8/avr8-gnu-toolchain/bin/../lib/gcc/avr/5.4.0/avr6\libgcc.a(_exit.o)
                0x000009ec                _exit
                0x000009ec                exit
 *(.fini9)
 *(.fini8)
 *(.fini8)
 *(.fini7)
 *(.fini7)
 *(.fini6)
 *(.fini6)
 *(.fini5)
 *(.fini5)
 *(.fini4)
 *(.fini4)
 *(.fini3)
 *(.fini3)
 *(.fini2)
 *(.fini2)
 *(.fini1)
 *(.fini1)
 *(.fini0)
 .fini0         0x000009ec        0x4 d:/programmas/atmelstudio7/7.0/toolchain/avr8/avr8-gnu-toolchain/bin/../lib/gcc/avr/5.4.0/avr6\libgcc.a(_exit.o)
 *(.fini0)
                0x000009f0                _etext = .

.data           0x00800200        0x2 load address 0x000009f0
                0x00800200                PROVIDE (__data_start, .)
 *(.data)
 *(.data*)
 .data._ZL9tone_pins
                0x00800200        0x1 C:\Users\waylo\IDEAPR~1\MICROC~1.3\Boebot2.0\STUDIO~1\STUDIO~1\ARDUIN~1\Debug\libArduinoCore.a(Tone.o)
 *(.gnu.linkonce.d*)
 *(.rodata)
 *(.rodata*)
 *(.gnu.linkonce.r*)
                0x00800202                . = ALIGN (0x2)
 *fill*         0x00800201        0x1 
                0x00800202                _edata = .
                0x00800202                PROVIDE (__data_end, .)

.bss            0x00800202       0x11
                0x00800202                PROVIDE (__bss_start, .)
 *(.bss)
 *(.bss*)
 .bss.hasRun    0x00800202        0x1 Sketch.o
                0x00800202                hasRun
 .bss.timer2_pin_mask
                0x00800203        0x1 C:\Users\waylo\IDEAPR~1\MICROC~1.3\Boebot2.0\STUDIO~1\STUDIO~1\ARDUIN~1\Debug\libArduinoCore.a(Tone.o)
                0x00800203                timer2_pin_mask
 .bss.timer2_pin_port
                0x00800204        0x2 C:\Users\waylo\IDEAPR~1\MICROC~1.3\Boebot2.0\STUDIO~1\STUDIO~1\ARDUIN~1\Debug\libArduinoCore.a(Tone.o)
                0x00800204                timer2_pin_port
 .bss.timer2_toggle_count
                0x00800206        0x4 C:\Users\waylo\IDEAPR~1\MICROC~1.3\Boebot2.0\STUDIO~1\STUDIO~1\ARDUIN~1\Debug\libArduinoCore.a(Tone.o)
                0x00800206                timer2_toggle_count
 .bss.timer0_fract
                0x0080020a        0x1 C:\Users\waylo\IDEAPR~1\MICROC~1.3\Boebot2.0\STUDIO~1\STUDIO~1\ARDUIN~1\Debug\libArduinoCore.a(wiring.o)
 .bss.timer0_millis
                0x0080020b        0x4 C:\Users\waylo\IDEAPR~1\MICROC~1.3\Boebot2.0\STUDIO~1\STUDIO~1\ARDUIN~1\Debug\libArduinoCore.a(wiring.o)
                0x0080020b                timer0_millis
 .bss.timer0_overflow_count
                0x0080020f        0x4 C:\Users\waylo\IDEAPR~1\MICROC~1.3\Boebot2.0\STUDIO~1\STUDIO~1\ARDUIN~1\Debug\libArduinoCore.a(wiring.o)
                0x0080020f                timer0_overflow_count
 *(COMMON)
                0x00800213                PROVIDE (__bss_end, .)
                0x000009f0                __data_load_start = LOADADDR (.data)
                0x000009f2                __data_load_end = (__data_load_start + SIZEOF (.data))

.noinit         0x00800213        0x0
                [!provide]                PROVIDE (__noinit_start, .)
 *(.noinit*)
                [!provide]                PROVIDE (__noinit_end, .)
                0x00800213                _end = .
                [!provide]                PROVIDE (__heap_start, .)

.eeprom         0x00810000        0x0
 *(.eeprom*)
                0x00810000                __eeprom_end = .

.fuse
 *(.fuse)
 *(.lfuse)
 *(.hfuse)
 *(.efuse)

.lock
 *(.lock*)

.signature
 *(.signature*)

.user_signatures
 *(.user_signatures*)

.stab
 *(.stab)

.stabstr
 *(.stabstr)

.stab.excl
 *(.stab.excl)

.stab.exclstr
 *(.stab.exclstr)

.stab.index
 *(.stab.index)

.stab.indexstr
 *(.stab.indexstr)

.comment        0x00000000       0x30
 *(.comment)
 .comment       0x00000000       0x30 Sketch.o
                                 0x31 (size before relaxing)
 .comment       0x00000030       0x31 C:\Users\waylo\IDEAPR~1\MICROC~1.3\Boebot2.0\STUDIO~1\STUDIO~1\ARDUIN~1\Debug\libArduinoCore.a(main.o)
 .comment       0x00000030       0x31 C:\Users\waylo\IDEAPR~1\MICROC~1.3\Boebot2.0\STUDIO~1\STUDIO~1\ARDUIN~1\Debug\libArduinoCore.a(Tone.o)
 .comment       0x00000030       0x31 C:\Users\waylo\IDEAPR~1\MICROC~1.3\Boebot2.0\STUDIO~1\STUDIO~1\ARDUIN~1\Debug\libArduinoCore.a(wiring.o)
 .comment       0x00000030       0x31 C:\Users\waylo\IDEAPR~1\MICROC~1.3\Boebot2.0\STUDIO~1\STUDIO~1\ARDUIN~1\Debug\libArduinoCore.a(wiring_digital.o)
 .comment       0x00000030       0x31 C:\Users\waylo\IDEAPR~1\MICROC~1.3\Boebot2.0\STUDIO~1\STUDIO~1\ARDUIN~1\Debug\libArduinoCore.a(hooks.o)

.note.gnu.avr.deviceinfo
                0x00000000       0x40
 .note.gnu.avr.deviceinfo
                0x00000000       0x40 D:/Programmas/AtmelStudio7/7.0/Packs/atmel/ATmega_DFP/1.3.300/gcc/dev/atmega2560/avr6/crtatmega2560.o

.note.gnu.build-id
 *(.note.gnu.build-id)

.debug
 *(.debug)

.line
 *(.line)

.debug_srcinfo
 *(.debug_srcinfo)

.debug_sfnames
 *(.debug_sfnames)

.debug_aranges  0x00000000      0x170
 *(.debug_aranges)
 .debug_aranges
                0x00000000       0x68 Sketch.o
 .debug_aranges
                0x00000068       0x30 C:\Users\waylo\IDEAPR~1\MICROC~1.3\Boebot2.0\STUDIO~1\STUDIO~1\ARDUIN~1\Debug\libArduinoCore.a(main.o)
 .debug_aranges
                0x00000098       0x38 C:\Users\waylo\IDEAPR~1\MICROC~1.3\Boebot2.0\STUDIO~1\STUDIO~1\ARDUIN~1\Debug\libArduinoCore.a(Tone.o)
 .debug_aranges
                0x000000d0       0x48 C:\Users\waylo\IDEAPR~1\MICROC~1.3\Boebot2.0\STUDIO~1\STUDIO~1\ARDUIN~1\Debug\libArduinoCore.a(wiring.o)
 .debug_aranges
                0x00000118       0x38 C:\Users\waylo\IDEAPR~1\MICROC~1.3\Boebot2.0\STUDIO~1\STUDIO~1\ARDUIN~1\Debug\libArduinoCore.a(wiring_digital.o)
 .debug_aranges
                0x00000150       0x20 C:\Users\waylo\IDEAPR~1\MICROC~1.3\Boebot2.0\STUDIO~1\STUDIO~1\ARDUIN~1\Debug\libArduinoCore.a(hooks.o)

.debug_pubnames
 *(.debug_pubnames)

.debug_info     0x00000000     0x31d4
 *(.debug_info .gnu.linkonce.wi.*)
 .debug_info    0x00000000      0xbbc D:/Programmas/AtmelStudio7/7.0/Packs/atmel/ATmega_DFP/1.3.300/gcc/dev/atmega2560/avr6/crtatmega2560.o
 .debug_info    0x00000bbc      0xf37 Sketch.o
 .debug_info    0x00001af3      0x295 C:\Users\waylo\IDEAPR~1\MICROC~1.3\Boebot2.0\STUDIO~1\STUDIO~1\ARDUIN~1\Debug\libArduinoCore.a(main.o)
 .debug_info    0x00001d88      0xaab C:\Users\waylo\IDEAPR~1\MICROC~1.3\Boebot2.0\STUDIO~1\STUDIO~1\ARDUIN~1\Debug\libArduinoCore.a(Tone.o)
 .debug_info    0x00002833      0x329 C:\Users\waylo\IDEAPR~1\MICROC~1.3\Boebot2.0\STUDIO~1\STUDIO~1\ARDUIN~1\Debug\libArduinoCore.a(wiring.o)
 .debug_info    0x00002b5c      0x63a C:\Users\waylo\IDEAPR~1\MICROC~1.3\Boebot2.0\STUDIO~1\STUDIO~1\ARDUIN~1\Debug\libArduinoCore.a(wiring_digital.o)
 .debug_info    0x00003196       0x3e C:\Users\waylo\IDEAPR~1\MICROC~1.3\Boebot2.0\STUDIO~1\STUDIO~1\ARDUIN~1\Debug\libArduinoCore.a(hooks.o)

.debug_abbrev   0x00000000     0x136e
 *(.debug_abbrev)
 .debug_abbrev  0x00000000      0xb1a D:/Programmas/AtmelStudio7/7.0/Packs/atmel/ATmega_DFP/1.3.300/gcc/dev/atmega2560/avr6/crtatmega2560.o
 .debug_abbrev  0x00000b1a      0x1c1 Sketch.o
 .debug_abbrev  0x00000cdb      0x12d C:\Users\waylo\IDEAPR~1\MICROC~1.3\Boebot2.0\STUDIO~1\STUDIO~1\ARDUIN~1\Debug\libArduinoCore.a(main.o)
 .debug_abbrev  0x00000e08      0x29c C:\Users\waylo\IDEAPR~1\MICROC~1.3\Boebot2.0\STUDIO~1\STUDIO~1\ARDUIN~1\Debug\libArduinoCore.a(Tone.o)
 .debug_abbrev  0x000010a4      0x146 C:\Users\waylo\IDEAPR~1\MICROC~1.3\Boebot2.0\STUDIO~1\STUDIO~1\ARDUIN~1\Debug\libArduinoCore.a(wiring.o)
 .debug_abbrev  0x000011ea      0x15a C:\Users\waylo\IDEAPR~1\MICROC~1.3\Boebot2.0\STUDIO~1\STUDIO~1\ARDUIN~1\Debug\libArduinoCore.a(wiring_digital.o)
 .debug_abbrev  0x00001344       0x2a C:\Users\waylo\IDEAPR~1\MICROC~1.3\Boebot2.0\STUDIO~1\STUDIO~1\ARDUIN~1\Debug\libArduinoCore.a(hooks.o)

.debug_line     0x00000000     0x12bc
 *(.debug_line .debug_line.* .debug_line_end)
 .debug_line    0x00000000      0x1f9 D:/Programmas/AtmelStudio7/7.0/Packs/atmel/ATmega_DFP/1.3.300/gcc/dev/atmega2560/avr6/crtatmega2560.o
 .debug_line    0x000001f9      0x4db Sketch.o
 .debug_line    0x000006d4      0x158 C:\Users\waylo\IDEAPR~1\MICROC~1.3\Boebot2.0\STUDIO~1\STUDIO~1\ARDUIN~1\Debug\libArduinoCore.a(main.o)
 .debug_line    0x0000082c      0x512 C:\Users\waylo\IDEAPR~1\MICROC~1.3\Boebot2.0\STUDIO~1\STUDIO~1\ARDUIN~1\Debug\libArduinoCore.a(Tone.o)
 .debug_line    0x00000d3e      0x2c2 C:\Users\waylo\IDEAPR~1\MICROC~1.3\Boebot2.0\STUDIO~1\STUDIO~1\ARDUIN~1\Debug\libArduinoCore.a(wiring.o)
 .debug_line    0x00001000      0x27b C:\Users\waylo\IDEAPR~1\MICROC~1.3\Boebot2.0\STUDIO~1\STUDIO~1\ARDUIN~1\Debug\libArduinoCore.a(wiring_digital.o)
 .debug_line    0x0000127b       0x41 C:\Users\waylo\IDEAPR~1\MICROC~1.3\Boebot2.0\STUDIO~1\STUDIO~1\ARDUIN~1\Debug\libArduinoCore.a(hooks.o)

.debug_frame    0x00000000      0x3f8
 *(.debug_frame)
 .debug_frame   0x00000000      0x144 Sketch.o
 .debug_frame   0x00000144       0x54 C:\Users\waylo\IDEAPR~1\MICROC~1.3\Boebot2.0\STUDIO~1\STUDIO~1\ARDUIN~1\Debug\libArduinoCore.a(main.o)
 .debug_frame   0x00000198       0xfc C:\Users\waylo\IDEAPR~1\MICROC~1.3\Boebot2.0\STUDIO~1\STUDIO~1\ARDUIN~1\Debug\libArduinoCore.a(Tone.o)
 .debug_frame   0x00000294       0xc4 C:\Users\waylo\IDEAPR~1\MICROC~1.3\Boebot2.0\STUDIO~1\STUDIO~1\ARDUIN~1\Debug\libArduinoCore.a(wiring.o)
 .debug_frame   0x00000358       0x7c C:\Users\waylo\IDEAPR~1\MICROC~1.3\Boebot2.0\STUDIO~1\STUDIO~1\ARDUIN~1\Debug\libArduinoCore.a(wiring_digital.o)
 .debug_frame   0x000003d4       0x24 C:\Users\waylo\IDEAPR~1\MICROC~1.3\Boebot2.0\STUDIO~1\STUDIO~1\ARDUIN~1\Debug\libArduinoCore.a(hooks.o)

.debug_str      0x00000000      0xdcb
 *(.debug_str)
 .debug_str     0x00000000      0x3e6 D:/Programmas/AtmelStudio7/7.0/Packs/atmel/ATmega_DFP/1.3.300/gcc/dev/atmega2560/avr6/crtatmega2560.o
 .debug_str     0x000003e6      0x50c Sketch.o
                                0x54c (size before relaxing)
 .debug_str     0x000008f2       0xaa C:\Users\waylo\IDEAPR~1\MICROC~1.3\Boebot2.0\STUDIO~1\STUDIO~1\ARDUIN~1\Debug\libArduinoCore.a(main.o)
                                0x2b2 (size before relaxing)
 .debug_str     0x0000099c      0x243 C:\Users\waylo\IDEAPR~1\MICROC~1.3\Boebot2.0\STUDIO~1\STUDIO~1\ARDUIN~1\Debug\libArduinoCore.a(Tone.o)
                                0x4d6 (size before relaxing)
 .debug_str     0x00000bdf      0x15b C:\Users\waylo\IDEAPR~1\MICROC~1.3\Boebot2.0\STUDIO~1\STUDIO~1\ARDUIN~1\Debug\libArduinoCore.a(wiring.o)
                                0x248 (size before relaxing)
 .debug_str     0x00000d3a       0x75 C:\Users\waylo\IDEAPR~1\MICROC~1.3\Boebot2.0\STUDIO~1\STUDIO~1\ARDUIN~1\Debug\libArduinoCore.a(wiring_digital.o)
                                0x2ad (size before relaxing)
 .debug_str     0x00000daf       0x1c C:\Users\waylo\IDEAPR~1\MICROC~1.3\Boebot2.0\STUDIO~1\STUDIO~1\ARDUIN~1\Debug\libArduinoCore.a(hooks.o)
                                0x13d (size before relaxing)

.debug_loc      0x00000000     0x1779
 *(.debug_loc)
 .debug_loc     0x00000000      0x308 Sketch.o
 .debug_loc     0x00000308      0xc79 C:\Users\waylo\IDEAPR~1\MICROC~1.3\Boebot2.0\STUDIO~1\STUDIO~1\ARDUIN~1\Debug\libArduinoCore.a(Tone.o)
 .debug_loc     0x00000f81      0x28d C:\Users\waylo\IDEAPR~1\MICROC~1.3\Boebot2.0\STUDIO~1\STUDIO~1\ARDUIN~1\Debug\libArduinoCore.a(wiring.o)
 .debug_loc     0x0000120e      0x56b C:\Users\waylo\IDEAPR~1\MICROC~1.3\Boebot2.0\STUDIO~1\STUDIO~1\ARDUIN~1\Debug\libArduinoCore.a(wiring_digital.o)

.debug_macinfo
 *(.debug_macinfo)

.debug_weaknames
 *(.debug_weaknames)

.debug_funcnames
 *(.debug_funcnames)

.debug_typenames
 *(.debug_typenames)

.debug_varnames
 *(.debug_varnames)

.debug_pubtypes
 *(.debug_pubtypes)

.debug_ranges   0x00000000      0x140
 *(.debug_ranges)
 .debug_ranges  0x00000000       0x58 Sketch.o
 .debug_ranges  0x00000058       0x20 C:\Users\waylo\IDEAPR~1\MICROC~1.3\Boebot2.0\STUDIO~1\STUDIO~1\ARDUIN~1\Debug\libArduinoCore.a(main.o)
 .debug_ranges  0x00000078       0x58 C:\Users\waylo\IDEAPR~1\MICROC~1.3\Boebot2.0\STUDIO~1\STUDIO~1\ARDUIN~1\Debug\libArduinoCore.a(Tone.o)
 .debug_ranges  0x000000d0       0x38 C:\Users\waylo\IDEAPR~1\MICROC~1.3\Boebot2.0\STUDIO~1\STUDIO~1\ARDUIN~1\Debug\libArduinoCore.a(wiring.o)
 .debug_ranges  0x00000108       0x28 C:\Users\waylo\IDEAPR~1\MICROC~1.3\Boebot2.0\STUDIO~1\STUDIO~1\ARDUIN~1\Debug\libArduinoCore.a(wiring_digital.o)
 .debug_ranges  0x00000130       0x10 C:\Users\waylo\IDEAPR~1\MICROC~1.3\Boebot2.0\STUDIO~1\STUDIO~1\ARDUIN~1\Debug\libArduinoCore.a(hooks.o)

.debug_macro
 *(.debug_macro)
OUTPUT(Boebot2.0.elf elf32-avr)
LOAD linker stubs
